error: can't write multiple text output types to stdout

error: aborting due to previous error

