error: can't write binary output type `obj` to a tty

error: aborting due to previous error

