error: can't write binary output type `llvm-bc` to a tty

error: aborting due to previous error

