error: can't write binary output type `link` to a tty

error: aborting due to previous error

